(function(){
  console.log('trololol');
})();
/* [square] Directive: path/concat.2.js */
(function(){
  console.log('trololol pewpew');
})()
