(function(){
  console.log('trololol');
})()
;
/*! [square] Directive: ./concat.2.js */
(function(){
  console.log('trololol pewpew');
})()
