/* [square] Directive: path/imported.js */
var foo = "bar";
