var foo = "bar";
/*! [square] directive: ./recursive.2.js */
var second = "recursive";

/*! [square] directive: ./recursive.3.js */
var foo = "bar";