/* [square] Directive: path/imported.1.js */
var foo = "bar";
/* [square] Directive: path/imported.2.js */
var foo = "bar";
/* [square] Directive: path/imported.3.js */
var foo = "bar";
